{
  "version": "1.4.0",
  "plugins_used": [
    {
      "name": "ArtifactoryDetector"
    },
    {
      "name": "AWSKeyDetector"
    },
    {
      "name": "AzureStorageKeyDetector"
    },
    {
      "name": "Base64HighEntropyString",
      "limit": 4.5
    },
    {
      "name": "BasicAuthDetector"
    },
    {
      "name": "CloudantDetector"
    },
    {
      "name": "DiscordBotTokenDetector"
    },
    {
      "name": "GitHubTokenDetector"
    },
    {
      "name": "HexHighEntropyString",
      "limit": 3.0
    },
    {
      "name": "IbmCloudIamDetector"
    },
    {
      "name": "IbmCosHmacDetector"
    },
    {
      "name": "JwtTokenDetector"
    },
    {
      "name": "KeywordDetector",
      "keyword_exclude": ""
    },
    {
      "name": "MailchimpDetector"
    },
    {
      "name": "NpmDetector"
    },
    {
      "name": "PrivateKeyDetector"
    },
    {
      "name": "SendGridDetector"
    },
    {
      "name": "SlackDetector"
    },
    {
      "name": "SoftlayerDetector"
    },
    {
      "name": "SquareOAuthDetector"
    },
    {
      "name": "StripeDetector"
    },
    {
      "name": "TwilioKeyDetector"
    }
  ],
  "filters_used": [
    {
      "path": "detect_secrets.filters.allowlist.is_line_allowlisted"
    },
    {
      "path": "detect_secrets.filters.common.is_baseline_file",
      "filename": ".secrets.baseline"
    },
    {
      "path": "detect_secrets.filters.common.is_ignored_due_to_verification_policies",
      "min_level": 2
    },
    {
      "path": "detect_secrets.filters.heuristic.is_indirect_reference"
    },
    {
      "path": "detect_secrets.filters.heuristic.is_likely_id_string"
    },
    {
      "path": "detect_secrets.filters.heuristic.is_lock_file"
    },
    {
      "path": "detect_secrets.filters.heuristic.is_not_alphanumeric_string"
    },
    {
      "path": "detect_secrets.filters.heuristic.is_potential_uuid"
    },
    {
      "path": "detect_secrets.filters.heuristic.is_prefixed_with_dollar_sign"
    },
    {
      "path": "detect_secrets.filters.heuristic.is_sequential_string"
    },
    {
      "path": "detect_secrets.filters.heuristic.is_swagger_file"
    },
    {
      "path": "detect_secrets.filters.heuristic.is_templated_secret"
    }
  ],
  "results": {
    "tests/test_data/bitbucket_cloud/test_branches.json": [
      {
        "type": "Hex High Entropy String",
        "filename": "tests/test_data/bitbucket_cloud/test_branches.json",
        "hashed_secret": "722f6f1cbfd63fb34b9ab6609bf641a8924738d6",
        "is_verified": false,
        "line_number": 23
      },
      {
        "type": "Hex High Entropy String",
        "filename": "tests/test_data/bitbucket_cloud/test_branches.json",
        "hashed_secret": "7f1432f0bd47c736562dedcbcbc031674b922673",
        "is_verified": false,
        "line_number": 88
      }
    ],
    "tests/test_data/bitbucket_cloud/test_commits.json": [
      {
        "type": "Hex High Entropy String",
        "filename": "tests/test_data/bitbucket_cloud/test_commits.json",
        "hashed_secret": "996693e960428585ef66375c2f192746b9846c16",
        "is_verified": false,
        "line_number": 11
      },
      {
        "type": "Hex High Entropy String",
        "filename": "tests/test_data/bitbucket_cloud/test_commits.json",
        "hashed_secret": "6850d57f43a6cabd0a822a3eb6daa00f2c21e6b2",
        "is_verified": false,
        "line_number": 84
      }
    ],
    "tests/test_data/bitbucket_cloud/test_prs.json": [
      {
        "type": "Hex High Entropy String",
        "filename": "tests/test_data/bitbucket_cloud/test_prs.json",
        "hashed_secret": "2ca7fda562a4f22627d0db2d18e3c803f7a1389f",
        "is_verified": false,
        "line_number": 30
      },
      {
        "type": "Hex High Entropy String",
        "filename": "tests/test_data/bitbucket_cloud/test_prs.json",
        "hashed_secret": "4800183535ae2f9c63a8d601db34610e91fc7207",
        "is_verified": false,
        "line_number": 115
      }
    ],
    "tests/test_data/bitbucket_server/test_branches.json": [
      {
        "type": "Hex High Entropy String",
        "filename": "tests/test_data/bitbucket_server/test_branches.json",
        "hashed_secret": "e242b7710beaed41d057e2443ca1dfd3137edd0e",
        "is_verified": false,
        "line_number": 6
      },
      {
        "type": "Hex High Entropy String",
        "filename": "tests/test_data/bitbucket_server/test_branches.json",
        "hashed_secret": "1c3ede43c27a429611971d760b26991402499134",
        "is_verified": false,
        "line_number": 14
      }
    ],
    "tests/test_data/github/test_branches.json": [
      {
        "type": "Hex High Entropy String",
        "filename": "tests/test_data/github/test_branches.json",
        "hashed_secret": "abc8d0af31d200a20afb34871c95b273ba2a4709",
        "is_verified": false,
        "line_number": 5
      }
    ],
    "tests/test_data/github/test_commits.json": [
      {
        "type": "Hex High Entropy String",
        "filename": "tests/test_data/github/test_commits.json",
        "hashed_secret": "31f3f550542ae5f97361c1a28d2e03d5f8b3ed57",
        "is_verified": false,
        "line_number": 4
      }
    ],
    "tests/test_data/github/test_prs.json": [
      {
        "type": "Hex High Entropy String",
        "filename": "tests/test_data/github/test_prs.json",
        "hashed_secret": "5d2095be8ec1394b8b0495fafcdde2129ad95d1e",
        "is_verified": false,
        "line_number": 93
      },
      {
        "type": "Hex High Entropy String",
        "filename": "tests/test_data/github/test_prs.json",
        "hashed_secret": "31f3f550542ae5f97361c1a28d2e03d5f8b3ed57",
        "is_verified": false,
        "line_number": 176
      }
    ],
    "tests/test_data/gitlab/test_branches.json": [
      {
        "type": "Hex High Entropy String",
        "filename": "tests/test_data/gitlab/test_branches.json",
        "hashed_secret": "1abc31e230ccca36fe922ca68413ebd9cb3f63cd",
        "is_verified": false,
        "line_number": 18
      },
      {
        "type": "Hex High Entropy String",
        "filename": "tests/test_data/gitlab/test_branches.json",
        "hashed_secret": "f2ca7c040445d80d25c0cbb548bf07326b2eb8d8",
        "is_verified": false,
        "line_number": 23
      }
    ],
    "tests/test_data/gitlab/test_commits.json": [
      {
        "type": "Hex High Entropy String",
        "filename": "tests/test_data/gitlab/test_commits.json",
        "hashed_secret": "6444ede2dc8dcafb0cdd9ee3e624cd4a797c6b3b",
        "is_verified": false,
        "line_number": 15
      }
    ]
  },
  "generated_at": "2023-08-23T18:54:10Z"
}
